[INFO] 2026/05/25 13:51:07 СЕРВЕР: Запуск сервера с TLS...
[INFO] 2026/05/25 13:51:07 База данных подключена
[INFO] 2026/05/25 13:51:07 СЕРВЕР: Сервер запущен на https://localhost:8443
[INFO] 2026/05/25 13:51:07 Регистрация: POST https://localhost:8443/api/register
[INFO] 2026/05/25 13:51:07 Логин: POST https://localhost:8443/api/login
[INFO] 2026/05/25 13:51:07 WebSocket Secure: wss://localhost:8443/ws?token=<jwt>
[INFO] 2026/05/25 13:51:07 Используется самоподписанный сертификат
[INFO] 2026/05/25 13:51:28 ПОЛЬЗОВАТЕЛЬ: gleb - регистрация
[INFO] 2026/05/25 13:51:28 ПОЛЬЗОВАТЕЛЬ: gleb - WebSocket Secure подключение
[INFO] 2026/05/25 13:51:28 Клиент gleb (c93d0162) подключился
[INFO] 2026/05/25 13:51:46 Клиент gleb добавлен в комнату gamers
[INFO] 2026/05/25 13:51:55 ПОЛЬЗОВАТЕЛЬ: egor - регистрация
[INFO] 2026/05/25 13:51:56 ПОЛЬЗОВАТЕЛЬ: egor - WebSocket Secure подключение
[INFO] 2026/05/25 13:51:56 Клиент egor (5e45f9a5) подключился
[INFO] 2026/05/25 13:52:37 Клиент egor присоединился к комнате gamers
[INFO] 2026/05/25 13:53:40 Клиент gleb удалён из комнаты gamers в памяти
[INFO] 2026/05/25 13:53:40 Клиент gleb вышел из комнаты gamers, текущая комната очищена
[INFO] 2026/05/25 14:59:31 СЕРВЕР: Получен сигнал terminated, выключение...
[INFO] 2026/05/25 14:59:31 Остановка сервера...
[INFO] 2026/05/25 14:59:31 СЕРВЕР: Сервер остановлен
[INFO] 2026/05/25 14:59:31 Клиент egor отключился
[INFO] 2026/05/25 14:59:31 Клиент gleb отключился
